// Jest Snapshot v1, https://goo.gl/fbAQLP

exports[`Компонент: SettingPage компонент settingPage рендерится корректно 1`] = `
<div>
  <div
    class="page_wrapper"
  >
    <div>
      <div
        class="header"
      >
        <div
          class="header__description"
        >
          School CI server
        </div>
      </div>
      <div>
        <div>
          <form
            action="#"
          >
            <div
              class="form_container"
            >
              <div
                class="form__title"
              >
                Settings
              </div>
              <div
                class="form__desc"
              >
                Configure repository connection and synchronization settings.
              </div>
              <div
                class="form__inputs"
              >
                <div
                  class="input_container"
                >
                  <div
                    class="form__input_title"
                  >
                    <div>
                      GitHub repository
                    </div>
                    <span
                      class="form__star_icon"
                    >
                      <img
                        alt="star"
                        src="star.png"
                      />
                    </span>
                  </div>
                  <label
                    class="form__price_input"
                    for="repoName"
                  >
                    <input
                      class="form_input"
                      data-testid="repoName"
                      name="repoName"
                      placeholder="user-name/repo-name"
                      type="text"
                      value=""
                    />
                  </label>
                </div>
                <div
                  class="input_container"
                >
                  <div
                    class="form__input_title"
                  >
                    <div>
                      Build command
                    </div>
                    <span
                      class="form__star_icon"
                    >
                      <img
                        alt="star"
                        src="star.png"
                      />
                    </span>
                  </div>
                  <label
                    class="form__price_input"
                    for="buildCommand"
                  >
                    <input
                      class="form_input"
                      data-testid="buildCommand"
                      name="buildCommand"
                      placeholder="npm ci && npm run build"
                      type="text"
                      value=""
                    />
                  </label>
                </div>
                <div
                  class="input_container"
                >
                  <img
                    alt="icon"
                    class="form__icon"
                    role="presentation"
                    src="cancel.png"
                  />
                  <div
                    class="form__input_title"
                  >
                    Main branch
                  </div>
                  <label
                    class="form__price_input"
                    for="mainBranch"
                  >
                    <input
                      class="form_input"
                      data-testid="mainBranch"
                      name="mainBranch"
                      placeholder="master |"
                      type="text"
                      value="master |"
                    />
                  </label>
                </div>
                <div
                  class="input_container_time"
                >
                  <div
                    class="form__input_title"
                  >
                    <div>
                      Synchronize every
                    </div>
                  </div>
                  <label
                    class="form__time_label"
                    for="period"
                  >
                    <input
                      class="form_input"
                      data-testid="period"
                      name="period"
                      placeholder="period"
                      type="text"
                      value="0"
                    />
                  </label>
                  <div
                    class="form__input_title"
                  >
                    minutes
                  </div>
                </div>
              </div>
              <div
                class="form__buttons"
              >
                <div
                  class="form__button"
                  data-testid="button-add-settings"
                  role="presentation"
                >
                  Save
                </div>
                <div
                  class="form__button_cansel"
                  data-testid="button-cansel"
                  role="presentation"
                >
                  Cansel
                </div>
              </div>
            </div>
          </form>
        </div>
      </div>
    </div>
  </div>
</div>
`;
